// Jest Snapshot v1, https://goo.gl/fbAQLP

exports[`Image.vue renders pagination 1`] = `
<div class="gallery">
  <div class="utility-roverflow u--margin-toplg">
    <div class="search_box card-icon-container u--margin-toplg">
      <form class="form">
        <div class="search_box_form">
          <div class="form__group search_box_form-item-1"><input type="text" placeholder="Search Microstructure Image" name="search" id="search" required="required" class="form__input form__input--flat"> <label htmlfor="search" class="form__label search_box_form_label">Search Microstructure Image</label></div>
        </div>
        <div class="form__group search_box_form-item-2 explorer_page-nav u--margin-neg">
          <div class="form__field md-field"><select name="filter" id="filter" class="form__select">
              <option value="" disabled="disabled" selected="selected" hidden="hidden">Filter by...</option>
              <option value="Keyword">Keyword</option>
              <option value="filterByFiller">Filler</option>
              <option value="filterByYear">Year</option>
              <option value="filterByDOI">DOI</option>
              <option value="filterByMicroscopy">Microscopy</option>
            </select></div> <button type="submit" class="btn btn--primary btn--noradius search_box_form_btn mid-first-li display-text u--margin-pos">
            Search Images
          </button>
          <!---->
        </div>
      </form>
    </div>
  </div>
  <div class="utility-roverflow">
    <div class="u_content__result u_margin-top-small"><span id="css-adjust-navfont" class="u_color utility-navfont"><strong>Showing all images</strong> <span>
            1 result
          </span> <span class="utility-absolute-input"><label for="pagesize"><strong>Page size:</strong></label> <input placeholder="Enter page size" type="number" id="pagesize" name="pagesize" title="specify number of items per size" min="1" max="20" class="u_width--xs utility-navfont"></span></span></div>
    <div class="gallery-grid grid grid_col-5">
      <div class="md-card btn--animated gallery-item md-theme-default"><a>
          <div class="md-card-media-cover md-solid">
            <div class="md-card-media md-ratio-4-3"><img src="http://localhost/api/files/583e05cfe74a1d205f4e2177" alt="Morphology and electrical resistivity of melt mixed blends of polyethylene and carbon nanotube filled polycarbonate" crossorigin="Anonymous"></div>
            <div class="md-card-area u_gridbg">
              <div class="md-card-header u_show_hide"><span class="md-subheading"><strong> height image...</strong></span> <span class="md-body-1"> Morphology and electrical resistivity of melt mixed blends of polyethylene and carbon nanotube filled polycarbonate...</span></div>
            </div>
            <!---->
          </div>
        </a></div>
    </div>
    <div class="viz-pagination-container"><span class="viz-pagination u_centralize_content"><div class="pagination-label">
       Page
    </div> <div class="md-field pagination-field u_width--xs md-theme-default md-required md-has-value"><input type="text" id="pageInput" required="required" class="md-input"> <span class="md-error">Out of range</span>
      <!---->
      <transition-stub name="md-input-action" appear="true">
        <!---->
      </transition-stub>
      <transition-stub name="md-input-action" appear="true">
        <!---->
      </transition-stub>
    </div>
    <div class="pagination-label">
      of 1
    </div></span>
    <div class="viz-pagination viz-pagination_grid-4"><button disabled="disabled" class="pagination-button pagination-button-home">Home</button> <button disabled="disabled" class="pagination-button pagination-button-prev">Prev</button> <button disabled="disabled" class="pagination-button pagination-button-next">Next</button> <button disabled="disabled" class="pagination-button pagination-button-end">End</button></div>
  </div>
</div>
</div>
`;

exports[`Image.vue renders pagination 2`] = `
<div class="gallery">
  <div class="utility-roverflow u--margin-toplg">
    <div class="search_box card-icon-container u--margin-toplg">
      <form class="form">
        <div class="search_box_form">
          <div class="form__group search_box_form-item-1"><input type="text" placeholder="Search Microstructure Image" name="search" id="search" required="required" class="form__input form__input--flat"> <label htmlfor="search" class="form__label search_box_form_label">Search Microstructure Image</label></div>
        </div>
        <div class="form__group search_box_form-item-2 explorer_page-nav u--margin-neg">
          <div class="form__field md-field"><select name="filter" id="filter" class="form__select">
              <option value="" disabled="disabled" selected="selected" hidden="hidden">Filter by...</option>
              <option value="Keyword">Keyword</option>
              <option value="filterByFiller">Filler</option>
              <option value="filterByYear">Year</option>
              <option value="filterByDOI">DOI</option>
              <option value="filterByMicroscopy">Microscopy</option>
            </select></div> <button type="submit" class="btn btn--primary btn--noradius search_box_form_btn mid-first-li display-text u--margin-pos">
            Search Images
          </button>
          <!---->
        </div>
      </form>
    </div>
  </div>
  <div class="utility-roverflow">
    <div class="u_content__result u_margin-top-small"><span id="css-adjust-navfont" class="u_color utility-navfont"><strong>Showing all images</strong> <span>
            1 result
          </span> <span class="utility-absolute-input"><label for="pagesize"><strong>Page size:</strong></label> <input placeholder="Enter page size" type="number" id="pagesize" name="pagesize" title="specify number of items per size" min="1" max="20" class="u_width--xs utility-navfont"></span></span></div>
    <div class="gallery-grid grid grid_col-5">
      <div class="md-card btn--animated gallery-item md-theme-default"><a>
          <div class="md-card-media-cover md-solid">
            <div class="md-card-media md-ratio-4-3"><img src="http://localhost/api/files/583e05cfe74a1d205f4e2177" alt="Morphology and electrical resistivity of melt mixed blends of polyethylene and carbon nanotube filled polycarbonate" crossorigin="Anonymous"></div>
            <div class="md-card-area u_gridbg">
              <div class="md-card-header u_show_hide"><span class="md-subheading"><strong> height image...</strong></span> <span class="md-body-1"> Morphology and electrical resistivity of melt mixed blends of polyethylene and carbon nanotube filled polycarbonate...</span></div>
            </div>
            <!---->
          </div>
        </a></div>
    </div>
    <div class="viz-pagination-container"><span class="viz-pagination u_centralize_content"><div class="pagination-label">
       Page
    </div> <div class="md-field pagination-field u_width--xs md-theme-default md-required md-has-value"><input type="text" id="pageInput" required="required" class="md-input"> <span class="md-error">Out of range</span>
      <!---->
      <transition-stub name="md-input-action" appear="true">
        <!---->
      </transition-stub>
      <transition-stub name="md-input-action" appear="true">
        <!---->
      </transition-stub>
    </div>
    <div class="pagination-label">
      of 1
    </div></span>
    <div class="viz-pagination viz-pagination_grid-4"><button disabled="disabled" class="pagination-button pagination-button-home">Home</button> <button disabled="disabled" class="pagination-button pagination-button-prev">Prev</button> <button disabled="disabled" class="pagination-button pagination-button-next">Next</button> <button disabled="disabled" class="pagination-button pagination-button-end">End</button></div>
  </div>
</div>
</div>
`;
